============================= test session starts ==============================
platform darwin -- Python 3.12.1, pytest-8.2.0, pluggy-1.6.0 -- /Library/Frameworks/Python.framework/Versions/3.12/bin/python3
cachedir: .pytest_cache
rootdir: /Users/nicholas/Desktop/operationemt
configfile: pytest.ini
plugins: dash-3.2.0, asyncio-0.23.6, anyio-4.2.0
asyncio: mode=Mode.AUTO
collecting ... collected 3 items

tests/backend/test_pipeline.py::test_transcript_broadcasts_immediately PASSED [ 33%]
tests/backend/test_pipeline.py::test_llm_failure_does_not_stop_transcript PASSED [ 66%]
tests/backend/test_pipeline.py::test_smart_hold_loop_creates_and_cancels_task PASSED [100%]

============================== 3 passed in 0.43s ===============================
